============================= test session starts =============================
platform win32 -- Python 3.13.5, pytest-8.3.4, pluggy-1.5.0 -- D:\Documents\anaconda\python.exe
cachedir: .pytest_cache
rootdir: D:\Github repos\Projects\Fraud Detection using Anomaly Detection project
plugins: anyio-4.7.0, langsmith-0.7.11, cov-7.0.0
collecting ... collected 0 items / 1 error

=================================== ERRORS ====================================
_____________________ ERROR collecting tests/test_api.py ______________________
ImportError while importing test module 'D:\Github repos\Projects\Fraud Detection using Anomaly Detection project\tests\test_api.py'.
Hint: make sure your test modules/packages have valid Python names.
Traceback:
D:\Documents\anaconda\Lib\importlib\__init__.py:88: in import_module
    return _bootstrap._gcd_import(name[level:], package, level)
tests\test_api.py:2: in <module>
    from main import app
E   ModuleNotFoundError: No module named 'main'
=========================== short test summary info ===========================
ERROR tests/test_api.py
!!!!!!!!!!!!!!!!!!! Interrupted: 1 error during collection !!!!!!!!!!!!!!!!!!!!
============================== 1 error in 0.38s ===============================
